// Jest Snapshot v1, https://goo.gl/fbAQLP

exports[`print the initial state 1`] = `
CustomerDashboard {
  "context": undefined,
  "createMessageListener": [Function],
  "fetchAuthToken": [Function],
  "fetchPreviousMessages": [Function],
  "handleNewUserMessage": [Function],
  "props": undefined,
  "refs": Object {},
  "state": Object {
    "addFormValue": "",
    "addFormVisible": false,
  },
  "updater": Object {
    "enqueueForceUpdate": [Function],
    "enqueueReplaceState": [Function],
    "enqueueSetState": [Function],
    "isMounted": [Function],
  },
}
`;
