// Jest Snapshot v1, https://goo.gl/fbAQLP

exports[`With snapshots should return initial state 1`] = `
Object {
  "auth": Object {
    "authError": null,
  },
  "data": Object {},
  "firebase": Object {
    "auth": Object {
      "isEmpty": true,
      "isLoaded": false,
    },
    "authError": null,
    "data": Object {},
    "errors": Array [],
    "isInitializing": false,
    "listeners": Object {
      "allIds": Array [],
      "byId": Object {},
    },
    "ordered": Object {},
    "profile": Object {
      "isEmpty": true,
      "isLoaded": false,
    },
    "requested": Object {},
    "requesting": Object {},
    "timestamps": Object {},
  },
  "firestore": Object {
    "composite": undefined,
    "data": Object {},
    "errors": Object {
      "allIds": Array [],
      "byQuery": Object {},
    },
    "listeners": Object {
      "allIds": Array [],
      "byId": Object {},
    },
    "ordered": Object {},
    "queries": Object {},
    "status": Object {
      "requested": Object {},
      "requesting": Object {},
      "timestamps": Object {},
    },
  },
  "form": Object {},
  "reply": Object {},
  "ticket": Object {
    "projects": Array [
      Object {
        "content": "blah blah blah",
        "id": "1",
        "title": "help me find peach",
      },
      Object {
        "content": "blah blah blah",
        "id": "2",
        "title": "collect all the start",
      },
      Object {
        "content": "blah blah blah",
        "id": "3",
        "title": "egg hunt with me",
      },
    ],
  },
}
`;
